node.exe : FAIL test/auth.e2e-spec.ts (13.86 s)
At C:\Program Files\nodejs\npx.ps1:29 char:3
+   & $NODE_EXE $NPX_CLI_JS $args
+   ~~~~~~~~~~~~~~~~~~~~~~~~~~~~~
    + CategoryInfo          : NotSpecified: (FAI 
   L test/auth.e2e-spec.ts (13.86 s):String) []  
  , RemoteException
    + FullyQualifiedErrorId : NativeCommandError
 
  Auth & Users (e2e)
    ├ù /auth/login (POST) - Super Admin (2251 ms)
    ├ù /auth/login (POST) - School Admin (2214 
ms)
    ├ù /auth/check (GET) - Verify Token (10 ms)
    ├ù /users (GET) - Super Admin can list users 
(7 ms)
    ΓêÜ /users (GET) - Unauthorized without 
token (4 ms)

  ΓùÅ Auth & Users (e2e) ΓÇ║ /auth/login (POST) 
- Super Admin

    expected 201 "Created", got 200 "OK"

    [0m [90m 27 |[39m             
[33m.[39mpost([32m'/auth/login'[39m)
     [90m 28 |[39m             
[33m.[39msend({ email[33m:[39m 
[32m'superadmin@sms.com'[39m[33m,[39m 
password[33m:[39m [32m'admin123'[39m })
    [31m[1m>[22m[39m[90m 29 |[39m          
   [33m.[39mexpect([35m201[39m)[33m;[39m
     [90m    |[39m              
[31m[1m^[22m[39m
     [90m 30 |[39m
     [90m 31 |[39m         expect(response[33m
.[39mbody)[33m.[39mtoHaveProperty([32m'access
Token'[39m)[33m;[39m
     [90m 32 |[39m         expect(response[33m
.[39mbody)[33m.[39mtoHaveProperty([32m'user'
[39m)[33m;[39m[0m

      at Object.<anonymous> 
(auth.e2e-spec.ts:29:14)
      ----
      at Test._assertStatus 
(../node_modules/supertest/lib/test.js:309:14)
      at 
../node_modules/supertest/lib/test.js:365:13
      at Test._assertFunction 
(../node_modules/supertest/lib/test.js:342:13)
      at Test.assert 
(../node_modules/supertest/lib/test.js:195:23)
      at localAssert 
(../node_modules/supertest/lib/test.js:138:14)
      at Server.<anonymous> 
(../node_modules/supertest/lib/test.js:152:11)

  ΓùÅ Auth & Users (e2e) ΓÇ║ /auth/login (POST) 
- School Admin

    expected 201 "Created", got 200 "OK"

    [0m [90m 39 |[39m             
[33m.[39mpost([32m'/auth/login'[39m)
     [90m 40 |[39m             
[33m.[39msend({ email[33m:[39m 
[32m'admin@demoschool.edu'[39m[33m,[39m 
password[33m:[39m [32m'admin123'[39m })
    [31m[1m>[22m[39m[90m 41 |[39m          
   [33m.[39mexpect([35m201[39m)[33m;[39m
     [90m    |[39m              
[31m[1m^[22m[39m
     [90m 42 |[39m
     [90m 43 |[39m         expect(response[33m
.[39mbody)[33m.[39mtoHaveProperty([32m'access
Token'[39m)[33m;[39m
     [90m 44 |[39m         expect(response[33m
.[39mbody)[33m.[39mtoHaveProperty([32m'user'
[39m)[33m;[39m[0m

      at Object.<anonymous> 
(auth.e2e-spec.ts:41:14)
      ----
      at Test._assertStatus 
(../node_modules/supertest/lib/test.js:309:14)
      at 
../node_modules/supertest/lib/test.js:365:13
      at Test._assertFunction 
(../node_modules/supertest/lib/test.js:342:13)
      at Test.assert 
(../node_modules/supertest/lib/test.js:195:23)
      at localAssert 
(../node_modules/supertest/lib/test.js:138:14)
      at Server.<anonymous> 
(../node_modules/supertest/lib/test.js:152:11)

  ΓùÅ Auth & Users (e2e) ΓÇ║ /auth/check (GET) - 
Verify Token

    expected 200 "OK", got 404 "Not Found"

    [0m [90m 51 |[39m             
[33m.[39m[36mget[39m([32m'/auth/check'[39m)
     [90m 52 |[39m             [33m.[39m[36m
set[39m([32m'Authorization'[39m[33m,[39m 
[32m`Bearer ${superAdminToken}`[39m)
    [31m[1m>[22m[39m[90m 53 |[39m          
   [33m.[39mexpect([35m200[39m)[33m;[39m
     [90m    |[39m              
[31m[1m^[22m[39m
     [90m 54 |[39m     })[33m;[39m
     [90m 55 |[39m
     [90m 56 |[39m     [90m// Users 
Controller Tests[39m[0m

      at Object.<anonymous> 
(auth.e2e-spec.ts:53:14)
      ----
      at Test._assertStatus 
(../node_modules/supertest/lib/test.js:309:14)
      at 
../node_modules/supertest/lib/test.js:365:13
      at Test._assertFunction 
(../node_modules/supertest/lib/test.js:342:13)
      at Test.assert 
(../node_modules/supertest/lib/test.js:195:23)
      at localAssert 
(../node_modules/supertest/lib/test.js:138:14)
      at Server.<anonymous> 
(../node_modules/supertest/lib/test.js:152:11)

  ΓùÅ Auth & Users (e2e) ΓÇ║ /users (GET) - 
Super Admin can list users

    expected 200 "OK", got 401 "Unauthorized"

    [0m [90m 59 |[39m             
[33m.[39m[36mget[39m([32m'/users'[39m)
     [90m 60 |[39m             [33m.[39m[36m
set[39m([32m'Authorization'[39m[33m,[39m 
[32m`Bearer ${superAdminToken}`[39m)
    [31m[1m>[22m[39m[90m 61 |[39m          
   [33m.[39mexpect([35m200[39m)[33m;[39m
     [90m    |[39m              
[31m[1m^[22m[39m
     [90m 62 |[39m
     [90m 63 |[39m         expect([33mArray[3
9m[33m.[39misArray(response[33m.[39mbody[33m
.[39mdata))[33m.[39mtoBe([36mtrue[39m)[33m;
[39m
     [90m 64 |[39m     })[33m;[39m[0m

      at Object.<anonymous> 
(auth.e2e-spec.ts:61:14)
      ----
      at Test._assertStatus 
(../node_modules/supertest/lib/test.js:309:14)
      at 
../node_modules/supertest/lib/test.js:365:13
      at Test._assertFunction 
(../node_modules/supertest/lib/test.js:342:13)
      at Test.assert 
(../node_modules/supertest/lib/test.js:195:23)
      at localAssert 
(../node_modules/supertest/lib/test.js:138:14)
      at Server.<anonymous> 
(../node_modules/supertest/lib/test.js:152:11)

Test Suites: 1 failed, 1 total
Tests:       4 failed, 1 passed, 5 total
Snapshots:   0 total
Time:        14.466 s, estimated 24 s
Ran all test suites matching 
/test\\auth.e2e-spec.ts/i.
